=== launch ===

initial-marker

---

status = still running
running for = <SECONDS> seconds
cwd = <WORKSPACE>
This is the main shell. No command running in background.
=== incremental ===
late-marker

---

status = still running
running for = <SECONDS> seconds
cwd = <WORKSPACE>
This is the main shell. No command running in background.
=== deduplicated ===
no new output since last check

---

status = still running
running for = <SECONDS> seconds
cwd = <WORKSPACE>
This is the main shell. No command running in background.
